// Jest Snapshot v1, https://goo.gl/fbAQLP

exports[`renders correctly 1`] = `
<div
  className="css-176uoev"
>
  <span
    class="loader"
  />
</div>
`;
