// Jest Snapshot v1, https://goo.gl/fbAQLP

exports[`renders correctly 1`] = `
<div
  className="css-y3q6ji"
>
  <img
    alt="StatisticsContainerImage"
    className="css-1u60kn0"
    data-nimg="1"
    decoding="async"
    height={464.69}
    onError={[Function]}
    onLoad={[Function]}
    src="/_next/image?url=%2Fimg.jpg&w=2048&q=75"
    srcSet="/_next/image?url=%2Fimg.jpg&w=1080&q=75 1x, /_next/image?url=%2Fimg.jpg&w=2048&q=75 2x"
    style={
      Object {
        "color": "transparent",
      }
    }
    width={1006.7}
  />
  <div
    className="css-5mu23m"
  >
    <div
      className="css-18ul79m"
    >
      <img
        alt="StatisticImage"
        className="css-1wbd6tf"
        data-nimg="1"
        decoding="async"
        height={78.24}
        loading="lazy"
        onError={[Function]}
        onLoad={[Function]}
        src="/_next/image?url=%2Fimg.jpg&w=256&q=75"
        srcSet="/_next/image?url=%2Fimg.jpg&w=96&q=75 1x, /_next/image?url=%2Fimg.jpg&w=256&q=75 2x"
        style={
          Object {
            "color": "transparent",
          }
        }
        width={78.24}
      />
      <h2
        className="css-1gystw5"
      >
        1/3
      </h2>
      <p
        className="css-3011nz"
      >
        Lorem ipsum dolor sit amet, consectetur adipiscing elit, sed do eiusmod tempor incididunt ut labore et dolore magna aliqua.
      </p>
    </div>
    <div
      className="css-18ul79m"
    >
      <img
        alt="StatisticImage"
        data-nimg="1"
        decoding="async"
        height={78.24}
        loading="lazy"
        onError={[Function]}
        onLoad={[Function]}
        src="/_next/image?url=%2Fimg.jpg&w=256&q=75"
        srcSet="/_next/image?url=%2Fimg.jpg&w=96&q=75 1x, /_next/image?url=%2Fimg.jpg&w=256&q=75 2x"
        style={
          Object {
            "color": "transparent",
          }
        }
        width={78.24}
      />
      <h2
        className="css-1gystw5"
      >
        75%
      </h2>
      <p
        className="css-3011nz"
      >
        Lorem ipsum dolor sit amet, consectetur adipiscing elit, sed do eiusmod tempor incididunt ut labore et dolore magna aliqua.
      </p>
    </div>
    <div
      className="css-18ul79m"
    >
      <img
        alt="StatisticImage"
        data-nimg="1"
        decoding="async"
        height={78.24}
        loading="lazy"
        onError={[Function]}
        onLoad={[Function]}
        src="/_next/image?url=%2Fimg.jpg&w=256&q=75"
        srcSet="/_next/image?url=%2Fimg.jpg&w=96&q=75 1x, /_next/image?url=%2Fimg.jpg&w=256&q=75 2x"
        style={
          Object {
            "color": "transparent",
          }
        }
        width={78.24}
      />
      <h2
        className="css-1gystw5"
      >
        312
      </h2>
      <p
        className="css-3011nz"
      >
        Lorem ipsum dolor sit amet, consectetur adipiscing elit, sed do eiusmod tempor incididunt ut labore et dolore magna aliqua.
      </p>
    </div>
    <div
      className="css-18ul79m"
    >
      <img
        alt="StatisticImage"
        data-nimg="1"
        decoding="async"
        height={78.24}
        loading="lazy"
        onError={[Function]}
        onLoad={[Function]}
        src="/_next/image?url=%2Fimg.jpg&w=256&q=75"
        srcSet="/_next/image?url=%2Fimg.jpg&w=96&q=75 1x, /_next/image?url=%2Fimg.jpg&w=256&q=75 2x"
        style={
          Object {
            "color": "transparent",
          }
        }
        width={78.24}
      />
      <h2
        className="css-1gystw5"
      >
        Fact
      </h2>
      <p
        className="css-3011nz"
      >
        Lorem ipsum dolor sit amet, consectetur adipiscing elit, sed do eiusmod tempor incididunt ut labore et dolore magna aliqua.
      </p>
    </div>
  </div>
</div>
`;
