// Jest Snapshot v1, https://goo.gl/fbAQLP

exports[`renders correctly 1`] = `
<div
  className="css-m5bd1v"
>
  <div
    className="css-1xugpop"
    onClick={[Function]}
  >
    <img
      alt="icon_clothes_hanger_label_.svg"
      className="css-9yaktq"
      data-nimg="1"
      decoding="async"
      height={84.74}
      loading="lazy"
      onError={[Function]}
      onLoad={[Function]}
      src="/_next/image?url=%2Fimg.jpg&w=256&q=75"
      srcSet="/_next/image?url=%2Fimg.jpg&w=96&q=75 1x, /_next/image?url=%2Fimg.jpg&w=256&q=75 2x"
      style={
        Object {
          "color": "transparent",
        }
      }
      width={86.28}
    />
    <p
      className="css-1jvhmrt"
    >
      All
    </p>
  </div>
  <div
    className="css-1xugpop"
    onClick={[Function]}
  >
    <img
      alt="icon_clothes_hanger_label_.svg"
      className="css-9yaktq"
      data-nimg="1"
      decoding="async"
      height={84.74}
      loading="lazy"
      onError={[Function]}
      onLoad={[Function]}
      src="/_next/image?url=%2Fimg.jpg&w=256&q=75"
      srcSet="/_next/image?url=%2Fimg.jpg&w=96&q=75 1x, /_next/image?url=%2Fimg.jpg&w=256&q=75 2x"
      style={
        Object {
          "color": "transparent",
        }
      }
      width={86.28}
    />
    <p
      className="css-1jvhmrt"
    >
      jewelery
    </p>
  </div>
  <div
    className="css-1xugpop"
    onClick={[Function]}
  >
    <img
      alt="icon_clothes_hanger_label_.svg"
      className="css-9yaktq"
      data-nimg="1"
      decoding="async"
      height={84.74}
      loading="lazy"
      onError={[Function]}
      onLoad={[Function]}
      src="/_next/image?url=%2Fimg.jpg&w=256&q=75"
      srcSet="/_next/image?url=%2Fimg.jpg&w=96&q=75 1x, /_next/image?url=%2Fimg.jpg&w=256&q=75 2x"
      style={
        Object {
          "color": "transparent",
        }
      }
      width={86.28}
    />
    <p
      className="css-1jvhmrt"
    >
      electronics
    </p>
  </div>
  <div
    className="css-1xugpop"
    onClick={[Function]}
  >
    <img
      alt="icon_clothes_hanger_label_.svg"
      className="css-9yaktq"
      data-nimg="1"
      decoding="async"
      height={84.74}
      loading="lazy"
      onError={[Function]}
      onLoad={[Function]}
      src="/_next/image?url=%2Fimg.jpg&w=256&q=75"
      srcSet="/_next/image?url=%2Fimg.jpg&w=96&q=75 1x, /_next/image?url=%2Fimg.jpg&w=256&q=75 2x"
      style={
        Object {
          "color": "transparent",
        }
      }
      width={86.28}
    />
    <p
      className="css-1jvhmrt"
    >
      men's clothing
    </p>
  </div>
  <div
    className="css-1xugpop"
    onClick={[Function]}
  >
    <img
      alt="icon_clothes_hanger_label_.svg"
      className="css-9yaktq"
      data-nimg="1"
      decoding="async"
      height={84.74}
      loading="lazy"
      onError={[Function]}
      onLoad={[Function]}
      src="/_next/image?url=%2Fimg.jpg&w=256&q=75"
      srcSet="/_next/image?url=%2Fimg.jpg&w=96&q=75 1x, /_next/image?url=%2Fimg.jpg&w=256&q=75 2x"
      style={
        Object {
          "color": "transparent",
        }
      }
      width={86.28}
    />
    <p
      className="css-1jvhmrt"
    >
      women's clothing
    </p>
  </div>
</div>
`;
