// Jest Snapshot v1, https://goo.gl/fbAQLP

exports[`renders correctly 1`] = `
Array [
  <h1
    className="css-127jica"
  >
    Our Partners
  </h1>,
  <div
    className="css-6j60lp"
  >
    <img
      alt="Partner"
      className="css-0"
      data-nimg="1"
      decoding="async"
      height={40}
      loading="lazy"
      onError={[Function]}
      onLoad={[Function]}
      src="/_next/image?url=%2Fimg.jpg&w=96&q=75"
      srcSet="/_next/image?url=%2Fimg.jpg&w=48&q=75 1x, /_next/image?url=%2Fimg.jpg&w=96&q=75 2x"
      style={
        Object {
          "color": "transparent",
        }
      }
      width={40}
    />
    <img
      alt="Partner"
      className="css-0"
      data-nimg="1"
      decoding="async"
      height={40}
      loading="lazy"
      onError={[Function]}
      onLoad={[Function]}
      src="/_next/image?url=%2Fimg.jpg&w=96&q=75"
      srcSet="/_next/image?url=%2Fimg.jpg&w=48&q=75 1x, /_next/image?url=%2Fimg.jpg&w=96&q=75 2x"
      style={
        Object {
          "color": "transparent",
        }
      }
      width={40}
    />
    <img
      alt="Partner"
      className="css-0"
      data-nimg="1"
      decoding="async"
      height={40}
      loading="lazy"
      onError={[Function]}
      onLoad={[Function]}
      src="/_next/image?url=%2Fimg.jpg&w=96&q=75"
      srcSet="/_next/image?url=%2Fimg.jpg&w=48&q=75 1x, /_next/image?url=%2Fimg.jpg&w=96&q=75 2x"
      style={
        Object {
          "color": "transparent",
        }
      }
      width={40}
    />
    <img
      alt="Partner"
      className="css-0"
      data-nimg="1"
      decoding="async"
      height={40}
      loading="lazy"
      onError={[Function]}
      onLoad={[Function]}
      src="/_next/image?url=%2Fimg.jpg&w=96&q=75"
      srcSet="/_next/image?url=%2Fimg.jpg&w=48&q=75 1x, /_next/image?url=%2Fimg.jpg&w=96&q=75 2x"
      style={
        Object {
          "color": "transparent",
        }
      }
      width={40}
    />
  </div>,
]
`;
